
AVRASM ver. 2.1.30  F:\Git_SourceCode\AVR\Robocon_mini\List\Project.asm Tue Oct 25 02:26:30 2016

F:\Git_SourceCode\AVR\Robocon_mini\List\Project.asm(1058): warning: Register r5 already defined by the .DEF directive
F:\Git_SourceCode\AVR\Robocon_mini\List\Project.asm(1059): warning: Register r4 already defined by the .DEF directive
                 
                 
                 ;CodeVisionAVR C Compiler V2.05.0 Professional
                 ;(C) Copyright 1998-2010 Pavel Haiduc, HP InfoTech s.r.l.
                 ;http://www.hpinfotech.com
                 
                 ;Chip type                : ATmega32A
                 ;Program type             : Application
                 ;Clock frequency          : 16.000000 MHz
                 ;Memory model             : Small
                 ;Optimize for             : Size
                 ;(s)printf features       : int, width
                 ;(s)scanf features        : int, width
                 ;External RAM size        : 0
                 ;Data Stack size          : 512 byte(s)
                 ;Heap size                : 0 byte(s)
                 ;Promote 'char' to 'int'  : Yes
                 ;'char' is unsigned       : Yes
                 ;8 bit enums              : Yes
                 ;global 'const' stored in FLASH: No
                 ;Enhanced core instructions    : On
                 ;Smart register allocation     : On
                 ;Automatic register allocation : On
                 
                 	#pragma AVRPART ADMIN PART_NAME ATmega32A
                 	#pragma AVRPART MEMORY PROG_FLASH 32768
                 	#pragma AVRPART MEMORY EEPROM 1024
                 	#pragma AVRPART MEMORY INT_SRAM SIZE 2143
                 	#pragma AVRPART MEMORY INT_SRAM START_ADDR 0x60
                 
                 	#define CALL_SUPPORTED 1
                 
                 	.LISTMAC
                 	.EQU UDRE=0x5
                 	.EQU RXC=0x7
                 	.EQU USR=0xB
                 	.EQU UDR=0xC
                 	.EQU SPSR=0xE
                 	.EQU SPDR=0xF
                 	.EQU EERE=0x0
                 	.EQU EEWE=0x1
                 	.EQU EEMWE=0x2
                 	.EQU EECR=0x1C
                 	.EQU EEDR=0x1D
                 	.EQU EEARL=0x1E
                 	.EQU EEARH=0x1F
                 	.EQU WDTCR=0x21
                 	.EQU MCUCR=0x35
                 	.EQU SPL=0x3D
                 	.EQU SPH=0x3E
                 	.EQU SREG=0x3F
                 
                 	.DEF R0X0=R0
                 	.DEF R0X1=R1
                 	.DEF R0X2=R2
                 	.DEF R0X3=R3
                 	.DEF R0X4=R4
                 	.DEF R0X5=R5
                 	.DEF R0X6=R6
                 	.DEF R0X7=R7
                 	.DEF R0X8=R8
                 	.DEF R0X9=R9
                 	.DEF R0XA=R10
                 	.DEF R0XB=R11
                 	.DEF R0XC=R12
                 	.DEF R0XD=R13
                 	.DEF R0XE=R14
                 	.DEF R0XF=R15
                 	.DEF R0X10=R16
                 	.DEF R0X11=R17
                 	.DEF R0X12=R18
                 	.DEF R0X13=R19
                 	.DEF R0X14=R20
                 	.DEF R0X15=R21
                 	.DEF R0X16=R22
                 	.DEF R0X17=R23
                 	.DEF R0X18=R24
                 	.DEF R0X19=R25
                 	.DEF R0X1A=R26
                 	.DEF R0X1B=R27
                 	.DEF R0X1C=R28
                 	.DEF R0X1D=R29
                 	.DEF R0X1E=R30
                 	.DEF R0X1F=R31
                 
                 	.EQU __SRAM_START=0x0060
                 	.EQU __SRAM_END=0x085F
                 	.EQU __DSTACK_SIZE=0x0200
                 	.EQU __HEAP_SIZE=0x0000
                 	.EQU __CLEAR_SRAM_SIZE=__SRAM_END-__SRAM_START+1
                 
                 	.MACRO __CPD1N
                 	CPI  R30,LOW(@0)
                 	LDI  R26,HIGH(@0)
                 	CPC  R31,R26
                 	LDI  R26,BYTE3(@0)
                 	CPC  R22,R26
                 	LDI  R26,BYTE4(@0)
                 	CPC  R23,R26
                 	.ENDM
                 
                 	.MACRO __CPD2N
                 	CPI  R26,LOW(@0)
                 	LDI  R30,HIGH(@0)
                 	CPC  R27,R30
                 	LDI  R30,BYTE3(@0)
                 	CPC  R24,R30
                 	LDI  R30,BYTE4(@0)
                 	CPC  R25,R30
                 	.ENDM
                 
                 	.MACRO __CPWRR
                 	CP   R@0,R@2
                 	CPC  R@1,R@3
                 	.ENDM
                 
                 	.MACRO __CPWRN
                 	CPI  R@0,LOW(@2)
                 	LDI  R30,HIGH(@2)
                 	CPC  R@1,R30
                 	.ENDM
                 
                 	.MACRO __ADDB1MN
                 	SUBI R30,LOW(-@0-(@1))
                 	.ENDM
                 
                 	.MACRO __ADDB2MN
                 	SUBI R26,LOW(-@0-(@1))
                 	.ENDM
                 
                 	.MACRO __ADDW1MN
                 	SUBI R30,LOW(-@0-(@1))
                 	SBCI R31,HIGH(-@0-(@1))
                 	.ENDM
                 
                 	.MACRO __ADDW2MN
                 	SUBI R26,LOW(-@0-(@1))
                 	SBCI R27,HIGH(-@0-(@1))
                 	.ENDM
                 
                 	.MACRO __ADDW1FN
                 	SUBI R30,LOW(-2*@0-(@1))
                 	SBCI R31,HIGH(-2*@0-(@1))
                 	.ENDM
                 
                 	.MACRO __ADDD1FN
                 	SUBI R30,LOW(-2*@0-(@1))
                 	SBCI R31,HIGH(-2*@0-(@1))
                 	SBCI R22,BYTE3(-2*@0-(@1))
                 	.ENDM
                 
                 	.MACRO __ADDD1N
                 	SUBI R30,LOW(-@0)
                 	SBCI R31,HIGH(-@0)
                 	SBCI R22,BYTE3(-@0)
                 	SBCI R23,BYTE4(-@0)
                 	.ENDM
                 
                 	.MACRO __ADDD2N
                 	SUBI R26,LOW(-@0)
                 	SBCI R27,HIGH(-@0)
                 	SBCI R24,BYTE3(-@0)
                 	SBCI R25,BYTE4(-@0)
                 	.ENDM
                 
                 	.MACRO __SUBD1N
                 	SUBI R30,LOW(@0)
                 	SBCI R31,HIGH(@0)
                 	SBCI R22,BYTE3(@0)
                 	SBCI R23,BYTE4(@0)
                 	.ENDM
                 
                 	.MACRO __SUBD2N
                 	SUBI R26,LOW(@0)
                 	SBCI R27,HIGH(@0)
                 	SBCI R24,BYTE3(@0)
                 	SBCI R25,BYTE4(@0)
                 	.ENDM
                 
                 	.MACRO __ANDBMNN
                 	LDS  R30,@0+(@1)
                 	ANDI R30,LOW(@2)
                 	STS  @0+(@1),R30
                 	.ENDM
                 
                 	.MACRO __ANDWMNN
                 	LDS  R30,@0+(@1)
                 	ANDI R30,LOW(@2)
                 	STS  @0+(@1),R30
                 	LDS  R30,@0+(@1)+1
                 	ANDI R30,HIGH(@2)
                 	STS  @0+(@1)+1,R30
                 	.ENDM
                 
                 	.MACRO __ANDD1N
                 	ANDI R30,LOW(@0)
                 	ANDI R31,HIGH(@0)
                 	ANDI R22,BYTE3(@0)
                 	ANDI R23,BYTE4(@0)
                 	.ENDM
                 
                 	.MACRO __ANDD2N
                 	ANDI R26,LOW(@0)
                 	ANDI R27,HIGH(@0)
                 	ANDI R24,BYTE3(@0)
                 	ANDI R25,BYTE4(@0)
                 	.ENDM
                 
                 	.MACRO __ORBMNN
                 	LDS  R30,@0+(@1)
                 	ORI  R30,LOW(@2)
                 	STS  @0+(@1),R30
                 	.ENDM
                 
                 	.MACRO __ORWMNN
                 	LDS  R30,@0+(@1)
                 	ORI  R30,LOW(@2)
                 	STS  @0+(@1),R30
                 	LDS  R30,@0+(@1)+1
                 	ORI  R30,HIGH(@2)
                 	STS  @0+(@1)+1,R30
                 	.ENDM
                 
                 	.MACRO __ORD1N
                 	ORI  R30,LOW(@0)
                 	ORI  R31,HIGH(@0)
                 	ORI  R22,BYTE3(@0)
                 	ORI  R23,BYTE4(@0)
                 	.ENDM
                 
                 	.MACRO __ORD2N
                 	ORI  R26,LOW(@0)
                 	ORI  R27,HIGH(@0)
                 	ORI  R24,BYTE3(@0)
                 	ORI  R25,BYTE4(@0)
                 	.ENDM
                 
                 	.MACRO __DELAY_USB
                 	LDI  R24,LOW(@0)
                 __DELAY_USB_LOOP:
                 	DEC  R24
                 	BRNE __DELAY_USB_LOOP
                 	.ENDM
                 
                 	.MACRO __DELAY_USW
                 	LDI  R24,LOW(@0)
                 	LDI  R25,HIGH(@0)
                 __DELAY_USW_LOOP:
                 	SBIW R24,1
                 	BRNE __DELAY_USW_LOOP
                 	.ENDM
                 
                 	.MACRO __GETD1S
                 	LDD  R30,Y+@0
                 	LDD  R31,Y+@0+1
                 	LDD  R22,Y+@0+2
                 	LDD  R23,Y+@0+3
                 	.ENDM
                 
                 	.MACRO __GETD2S
                 	LDD  R26,Y+@0
                 	LDD  R27,Y+@0+1
                 	LDD  R24,Y+@0+2
                 	LDD  R25,Y+@0+3
                 	.ENDM
                 
                 	.MACRO __PUTD1S
                 	STD  Y+@0,R30
                 	STD  Y+@0+1,R31
                 	STD  Y+@0+2,R22
                 	STD  Y+@0+3,R23
                 	.ENDM
                 
                 	.MACRO __PUTD2S
                 	STD  Y+@0,R26
                 	STD  Y+@0+1,R27
                 	STD  Y+@0+2,R24
                 	STD  Y+@0+3,R25
                 	.ENDM
                 
                 	.MACRO __PUTDZ2
                 	STD  Z+@0,R26
                 	STD  Z+@0+1,R27
                 	STD  Z+@0+2,R24
                 	STD  Z+@0+3,R25
                 	.ENDM
                 
                 	.MACRO __CLRD1S
                 	STD  Y+@0,R30
                 	STD  Y+@0+1,R30
                 	STD  Y+@0+2,R30
                 	STD  Y+@0+3,R30
                 	.ENDM
                 
                 	.MACRO __POINTB1MN
                 	LDI  R30,LOW(@0+(@1))
                 	.ENDM
                 
                 	.MACRO __POINTW1MN
                 	LDI  R30,LOW(@0+(@1))
                 	LDI  R31,HIGH(@0+(@1))
                 	.ENDM
                 
                 	.MACRO __POINTD1M
                 	LDI  R30,LOW(@0)
                 	LDI  R31,HIGH(@0)
                 	LDI  R22,BYTE3(@0)
                 	LDI  R23,BYTE4(@0)
                 	.ENDM
                 
                 	.MACRO __POINTW1FN
                 	LDI  R30,LOW(2*@0+(@1))
                 	LDI  R31,HIGH(2*@0+(@1))
                 	.ENDM
                 
                 	.MACRO __POINTD1FN
                 	LDI  R30,LOW(2*@0+(@1))
                 	LDI  R31,HIGH(2*@0+(@1))
                 	LDI  R22,BYTE3(2*@0+(@1))
                 	LDI  R23,BYTE4(2*@0+(@1))
                 	.ENDM
                 
                 	.MACRO __POINTB2MN
                 	LDI  R26,LOW(@0+(@1))
                 	.ENDM
                 
                 	.MACRO __POINTW2MN
                 	LDI  R26,LOW(@0+(@1))
                 	LDI  R27,HIGH(@0+(@1))
                 	.ENDM
                 
                 	.MACRO __POINTBRM
                 	LDI  R@0,LOW(@1)
                 	.ENDM
                 
                 	.MACRO __POINTWRM
                 	LDI  R@0,LOW(@2)
                 	LDI  R@1,HIGH(@2)
                 	.ENDM
                 
                 	.MACRO __POINTBRMN
                 	LDI  R@0,LOW(@1+(@2))
                 	.ENDM
                 
                 	.MACRO __POINTWRMN
                 	LDI  R@0,LOW(@2+(@3))
                 	LDI  R@1,HIGH(@2+(@3))
                 	.ENDM
                 
                 	.MACRO __POINTWRFN
                 	LDI  R@0,LOW(@2*2+(@3))
                 	LDI  R@1,HIGH(@2*2+(@3))
                 	.ENDM
                 
                 	.MACRO __GETD1N
                 	LDI  R30,LOW(@0)
                 	LDI  R31,HIGH(@0)
                 	LDI  R22,BYTE3(@0)
                 	LDI  R23,BYTE4(@0)
                 	.ENDM
                 
                 	.MACRO __GETD2N
                 	LDI  R26,LOW(@0)
                 	LDI  R27,HIGH(@0)
                 	LDI  R24,BYTE3(@0)
                 	LDI  R25,BYTE4(@0)
                 	.ENDM
                 
                 	.MACRO __GETB1MN
                 	LDS  R30,@0+(@1)
                 	.ENDM
                 
                 	.MACRO __GETB1HMN
                 	LDS  R31,@0+(@1)
                 	.ENDM
                 
                 	.MACRO __GETW1MN
                 	LDS  R30,@0+(@1)
                 	LDS  R31,@0+(@1)+1
                 	.ENDM
                 
                 	.MACRO __GETD1MN
                 	LDS  R30,@0+(@1)
                 	LDS  R31,@0+(@1)+1
                 	LDS  R22,@0+(@1)+2
                 	LDS  R23,@0+(@1)+3
                 	.ENDM
                 
                 	.MACRO __GETBRMN
                 	LDS  R@0,@1+(@2)
                 	.ENDM
                 
                 	.MACRO __GETWRMN
                 	LDS  R@0,@2+(@3)
                 	LDS  R@1,@2+(@3)+1
                 	.ENDM
                 
                 	.MACRO __GETWRZ
                 	LDD  R@0,Z+@2
                 	LDD  R@1,Z+@2+1
                 	.ENDM
                 
                 	.MACRO __GETD2Z
                 	LDD  R26,Z+@0
                 	LDD  R27,Z+@0+1
                 	LDD  R24,Z+@0+2
                 	LDD  R25,Z+@0+3
                 	.ENDM
                 
                 	.MACRO __GETB2MN
                 	LDS  R26,@0+(@1)
                 	.ENDM
                 
                 	.MACRO __GETW2MN
                 	LDS  R26,@0+(@1)
                 	LDS  R27,@0+(@1)+1
                 	.ENDM
                 
                 	.MACRO __GETD2MN
                 	LDS  R26,@0+(@1)
                 	LDS  R27,@0+(@1)+1
                 	LDS  R24,@0+(@1)+2
                 	LDS  R25,@0+(@1)+3
                 	.ENDM
                 
                 	.MACRO __PUTB1MN
                 	STS  @0+(@1),R30
                 	.ENDM
                 
                 	.MACRO __PUTW1MN
                 	STS  @0+(@1),R30
                 	STS  @0+(@1)+1,R31
                 	.ENDM
                 
                 	.MACRO __PUTD1MN
                 	STS  @0+(@1),R30
                 	STS  @0+(@1)+1,R31
                 	STS  @0+(@1)+2,R22
                 	STS  @0+(@1)+3,R23
                 	.ENDM
                 
                 	.MACRO __PUTB1EN
                 	LDI  R26,LOW(@0+(@1))
                 	LDI  R27,HIGH(@0+(@1))
                 	CALL __EEPROMWRB
                 	.ENDM
                 
                 	.MACRO __PUTW1EN
                 	LDI  R26,LOW(@0+(@1))
                 	LDI  R27,HIGH(@0+(@1))
                 	CALL __EEPROMWRW
                 	.ENDM
                 
                 	.MACRO __PUTD1EN
                 	LDI  R26,LOW(@0+(@1))
                 	LDI  R27,HIGH(@0+(@1))
                 	CALL __EEPROMWRD
                 	.ENDM
                 
                 	.MACRO __PUTBR0MN
                 	STS  @0+(@1),R0
                 	.ENDM
                 
                 	.MACRO __PUTBMRN
                 	STS  @0+(@1),R@2
                 	.ENDM
                 
                 	.MACRO __PUTWMRN
                 	STS  @0+(@1),R@2
                 	STS  @0+(@1)+1,R@3
                 	.ENDM
                 
                 	.MACRO __PUTBZR
                 	STD  Z+@1,R@0
                 	.ENDM
                 
                 	.MACRO __PUTWZR
                 	STD  Z+@2,R@0
                 	STD  Z+@2+1,R@1
                 	.ENDM
                 
                 	.MACRO __GETW1R
                 	MOV  R30,R@0
                 	MOV  R31,R@1
                 	.ENDM
                 
                 	.MACRO __GETW2R
                 	MOV  R26,R@0
                 	MOV  R27,R@1
                 	.ENDM
                 
                 	.MACRO __GETWRN
                 	LDI  R@0,LOW(@2)
                 	LDI  R@1,HIGH(@2)
                 	.ENDM
                 
                 	.MACRO __PUTW1R
                 	MOV  R@0,R30
                 	MOV  R@1,R31
                 	.ENDM
                 
                 	.MACRO __PUTW2R
                 	MOV  R@0,R26
                 	MOV  R@1,R27
                 	.ENDM
                 
                 	.MACRO __ADDWRN
                 	SUBI R@0,LOW(-@2)
                 	SBCI R@1,HIGH(-@2)
                 	.ENDM
                 
                 	.MACRO __ADDWRR
                 	ADD  R@0,R@2
                 	ADC  R@1,R@3
                 	.ENDM
                 
                 	.MACRO __SUBWRN
                 	SUBI R@0,LOW(@2)
                 	SBCI R@1,HIGH(@2)
                 	.ENDM
                 
                 	.MACRO __SUBWRR
                 	SUB  R@0,R@2
                 	SBC  R@1,R@3
                 	.ENDM
                 
                 	.MACRO __ANDWRN
                 	ANDI R@0,LOW(@2)
                 	ANDI R@1,HIGH(@2)
                 	.ENDM
                 
                 	.MACRO __ANDWRR
                 	AND  R@0,R@2
                 	AND  R@1,R@3
                 	.ENDM
                 
                 	.MACRO __ORWRN
                 	ORI  R@0,LOW(@2)
                 	ORI  R@1,HIGH(@2)
                 	.ENDM
                 
                 	.MACRO __ORWRR
                 	OR   R@0,R@2
                 	OR   R@1,R@3
                 	.ENDM
                 
                 	.MACRO __EORWRR
                 	EOR  R@0,R@2
                 	EOR  R@1,R@3
                 	.ENDM
                 
                 	.MACRO __GETWRS
                 	LDD  R@0,Y+@2
                 	LDD  R@1,Y+@2+1
                 	.ENDM
                 
                 	.MACRO __PUTBSR
                 	STD  Y+@1,R@0
                 	.ENDM
                 
                 	.MACRO __PUTWSR
                 	STD  Y+@2,R@0
                 	STD  Y+@2+1,R@1
                 	.ENDM
                 
                 	.MACRO __MOVEWRR
                 	MOV  R@0,R@2
                 	MOV  R@1,R@3
                 	.ENDM
                 
                 	.MACRO __INWR
                 	IN   R@0,@2
                 	IN   R@1,@2+1
                 	.ENDM
                 
                 	.MACRO __OUTWR
                 	OUT  @2+1,R@1
                 	OUT  @2,R@0
                 	.ENDM
                 
                 	.MACRO __CALL1MN
                 	LDS  R30,@0+(@1)
                 	LDS  R31,@0+(@1)+1
                 	ICALL
                 	.ENDM
                 
                 	.MACRO __CALL1FN
                 	LDI  R30,LOW(2*@0+(@1))
                 	LDI  R31,HIGH(2*@0+(@1))
                 	CALL __GETW1PF
                 	ICALL
                 	.ENDM
                 
                 	.MACRO __CALL2EN
                 	LDI  R26,LOW(@0+(@1))
                 	LDI  R27,HIGH(@0+(@1))
                 	CALL __EEPROMRDW
                 	ICALL
                 	.ENDM
                 
                 	.MACRO __GETW1STACK
                 	IN   R26,SPL
                 	IN   R27,SPH
                 	ADIW R26,@0+1
                 	LD   R30,X+
                 	LD   R31,X
                 	.ENDM
                 
                 	.MACRO __GETD1STACK
                 	IN   R26,SPL
                 	IN   R27,SPH
                 	ADIW R26,@0+1
                 	LD   R30,X+
                 	LD   R31,X+
                 	LD   R22,X
                 	.ENDM
                 
                 	.MACRO __NBST
                 	BST  R@0,@1
                 	IN   R30,SREG
                 	LDI  R31,0x40
                 	EOR  R30,R31
                 	OUT  SREG,R30
                 	.ENDM
                 
                 
                 	.MACRO __PUTB1SN
                 	LDD  R26,Y+@0
                 	LDD  R27,Y+@0+1
                 	SUBI R26,LOW(-@1)
                 	SBCI R27,HIGH(-@1)
                 	ST   X,R30
                 	.ENDM
                 
                 	.MACRO __PUTW1SN
                 	LDD  R26,Y+@0
                 	LDD  R27,Y+@0+1
                 	SUBI R26,LOW(-@1)
                 	SBCI R27,HIGH(-@1)
                 	ST   X+,R30
                 	ST   X,R31
                 	.ENDM
                 
                 	.MACRO __PUTD1SN
                 	LDD  R26,Y+@0
                 	LDD  R27,Y+@0+1
                 	SUBI R26,LOW(-@1)
                 	SBCI R27,HIGH(-@1)
                 	CALL __PUTDP1
                 	.ENDM
                 
                 	.MACRO __PUTB1SNS
                 	LDD  R26,Y+@0
                 	LDD  R27,Y+@0+1
                 	ADIW R26,@1
                 	ST   X,R30
                 	.ENDM
                 
                 	.MACRO __PUTW1SNS
                 	LDD  R26,Y+@0
                 	LDD  R27,Y+@0+1
                 	ADIW R26,@1
                 	ST   X+,R30
                 	ST   X,R31
                 	.ENDM
                 
                 	.MACRO __PUTD1SNS
                 	LDD  R26,Y+@0
                 	LDD  R27,Y+@0+1
                 	ADIW R26,@1
                 	CALL __PUTDP1
                 	.ENDM
                 
                 	.MACRO __PUTB1PMN
                 	LDS  R26,@0
                 	LDS  R27,@0+1
                 	SUBI R26,LOW(-@1)
                 	SBCI R27,HIGH(-@1)
                 	ST   X,R30
                 	.ENDM
                 
                 	.MACRO __PUTW1PMN
                 	LDS  R26,@0
                 	LDS  R27,@0+1
                 	SUBI R26,LOW(-@1)
                 	SBCI R27,HIGH(-@1)
                 	ST   X+,R30
                 	ST   X,R31
                 	.ENDM
                 
                 	.MACRO __PUTD1PMN
                 	LDS  R26,@0
                 	LDS  R27,@0+1
                 	SUBI R26,LOW(-@1)
                 	SBCI R27,HIGH(-@1)
                 	CALL __PUTDP1
                 	.ENDM
                 
                 	.MACRO __PUTB1PMNS
                 	LDS  R26,@0
                 	LDS  R27,@0+1
                 	ADIW R26,@1
                 	ST   X,R30
                 	.ENDM
                 
                 	.MACRO __PUTW1PMNS
                 	LDS  R26,@0
                 	LDS  R27,@0+1
                 	ADIW R26,@1
                 	ST   X+,R30
                 	ST   X,R31
                 	.ENDM
                 
                 	.MACRO __PUTD1PMNS
                 	LDS  R26,@0
                 	LDS  R27,@0+1
                 	ADIW R26,@1
                 	CALL __PUTDP1
                 	.ENDM
                 
                 	.MACRO __PUTB1RN
                 	MOVW R26,R@0
                 	SUBI R26,LOW(-@1)
                 	SBCI R27,HIGH(-@1)
                 	ST   X,R30
                 	.ENDM
                 
                 	.MACRO __PUTW1RN
                 	MOVW R26,R@0
                 	SUBI R26,LOW(-@1)
                 	SBCI R27,HIGH(-@1)
                 	ST   X+,R30
                 	ST   X,R31
                 	.ENDM
                 
                 	.MACRO __PUTD1RN
                 	MOVW R26,R@0
                 	SUBI R26,LOW(-@1)
                 	SBCI R27,HIGH(-@1)
                 	CALL __PUTDP1
                 	.ENDM
                 
                 	.MACRO __PUTB1RNS
                 	MOVW R26,R@0
                 	ADIW R26,@1
                 	ST   X,R30
                 	.ENDM
                 
                 	.MACRO __PUTW1RNS
                 	MOVW R26,R@0
                 	ADIW R26,@1
                 	ST   X+,R30
                 	ST   X,R31
                 	.ENDM
                 
                 	.MACRO __PUTD1RNS
                 	MOVW R26,R@0
                 	ADIW R26,@1
                 	CALL __PUTDP1
                 	.ENDM
                 
                 	.MACRO __PUTB1RON
                 	MOV  R26,R@0
                 	MOV  R27,R@1
                 	SUBI R26,LOW(-@2)
                 	SBCI R27,HIGH(-@2)
                 	ST   X,R30
                 	.ENDM
                 
                 	.MACRO __PUTW1RON
                 	MOV  R26,R@0
                 	MOV  R27,R@1
                 	SUBI R26,LOW(-@2)
                 	SBCI R27,HIGH(-@2)
                 	ST   X+,R30
                 	ST   X,R31
                 	.ENDM
                 
                 	.MACRO __PUTD1RON
                 	MOV  R26,R@0
                 	MOV  R27,R@1
                 	SUBI R26,LOW(-@2)
                 	SBCI R27,HIGH(-@2)
                 	CALL __PUTDP1
                 	.ENDM
                 
                 	.MACRO __PUTB1RONS
                 	MOV  R26,R@0
                 	MOV  R27,R@1
                 	ADIW R26,@2
                 	ST   X,R30
                 	.ENDM
                 
                 	.MACRO __PUTW1RONS
                 	MOV  R26,R@0
                 	MOV  R27,R@1
                 	ADIW R26,@2
                 	ST   X+,R30
                 	ST   X,R31
                 	.ENDM
                 
                 	.MACRO __PUTD1RONS
                 	MOV  R26,R@0
                 	MOV  R27,R@1
                 	ADIW R26,@2
                 	CALL __PUTDP1
                 	.ENDM
                 
                 
                 	.MACRO __GETB1SX
                 	MOVW R30,R28
                 	SUBI R30,LOW(-@0)
                 	SBCI R31,HIGH(-@0)
                 	LD   R30,Z
                 	.ENDM
                 
                 	.MACRO __GETB1HSX
                 	MOVW R30,R28
                 	SUBI R30,LOW(-@0)
                 	SBCI R31,HIGH(-@0)
                 	LD   R31,Z
                 	.ENDM
                 
                 	.MACRO __GETW1SX
                 	MOVW R30,R28
                 	SUBI R30,LOW(-@0)
                 	SBCI R31,HIGH(-@0)
                 	LD   R0,Z+
                 	LD   R31,Z
                 	MOV  R30,R0
                 	.ENDM
                 
                 	.MACRO __GETD1SX
                 	MOVW R30,R28
                 	SUBI R30,LOW(-@0)
                 	SBCI R31,HIGH(-@0)
                 	LD   R0,Z+
                 	LD   R1,Z+
                 	LD   R22,Z+
                 	LD   R23,Z
                 	MOVW R30,R0
                 	.ENDM
                 
                 	.MACRO __GETB2SX
                 	MOVW R26,R28
                 	SUBI R26,LOW(-@0)
                 	SBCI R27,HIGH(-@0)
                 	LD   R26,X
                 	.ENDM
                 
                 	.MACRO __GETW2SX
                 	MOVW R26,R28
                 	SUBI R26,LOW(-@0)
                 	SBCI R27,HIGH(-@0)
                 	LD   R0,X+
                 	LD   R27,X
                 	MOV  R26,R0
                 	.ENDM
                 
                 	.MACRO __GETD2SX
                 	MOVW R26,R28
                 	SUBI R26,LOW(-@0)
                 	SBCI R27,HIGH(-@0)
                 	LD   R0,X+
                 	LD   R1,X+
                 	LD   R24,X+
                 	LD   R25,X
                 	MOVW R26,R0
                 	.ENDM
                 
                 	.MACRO __GETBRSX
                 	MOVW R30,R28
                 	SUBI R30,LOW(-@1)
                 	SBCI R31,HIGH(-@1)
                 	LD   R@0,Z
                 	.ENDM
                 
                 	.MACRO __GETWRSX
                 	MOVW R30,R28
                 	SUBI R30,LOW(-@2)
                 	SBCI R31,HIGH(-@2)
                 	LD   R@0,Z+
                 	LD   R@1,Z
                 	.ENDM
                 
                 	.MACRO __GETBRSX2
                 	MOVW R26,R28
                 	SUBI R26,LOW(-@1)
                 	SBCI R27,HIGH(-@1)
                 	LD   R@0,X
                 	.ENDM
                 
                 	.MACRO __GETWRSX2
                 	MOVW R26,R28
                 	SUBI R26,LOW(-@2)
                 	SBCI R27,HIGH(-@2)
                 	LD   R@0,X+
                 	LD   R@1,X
                 	.ENDM
                 
                 	.MACRO __LSLW8SX
                 	MOVW R30,R28
                 	SUBI R30,LOW(-@0)
                 	SBCI R31,HIGH(-@0)
                 	LD   R31,Z
                 	CLR  R30
                 	.ENDM
                 
                 	.MACRO __PUTB1SX
                 	MOVW R26,R28
                 	SUBI R26,LOW(-@0)
                 	SBCI R27,HIGH(-@0)
                 	ST   X,R30
                 	.ENDM
                 
                 	.MACRO __PUTW1SX
                 	MOVW R26,R28
                 	SUBI R26,LOW(-@0)
                 	SBCI R27,HIGH(-@0)
                 	ST   X+,R30
                 	ST   X,R31
                 	.ENDM
                 
                 	.MACRO __PUTD1SX
                 	MOVW R26,R28
                 	SUBI R26,LOW(-@0)
                 	SBCI R27,HIGH(-@0)
                 	ST   X+,R30
                 	ST   X+,R31
                 	ST   X+,R22
                 	ST   X,R23
                 	.ENDM
                 
                 	.MACRO __CLRW1SX
                 	MOVW R26,R28
                 	SUBI R26,LOW(-@0)
                 	SBCI R27,HIGH(-@0)
                 	ST   X+,R30
                 	ST   X,R30
                 	.ENDM
                 
                 	.MACRO __CLRD1SX
                 	MOVW R26,R28
                 	SUBI R26,LOW(-@0)
                 	SBCI R27,HIGH(-@0)
                 	ST   X+,R30
                 	ST   X+,R30
                 	ST   X+,R30
                 	ST   X,R30
                 	.ENDM
                 
                 	.MACRO __PUTB2SX
                 	MOVW R30,R28
                 	SUBI R30,LOW(-@0)
                 	SBCI R31,HIGH(-@0)
                 	ST   Z,R26
                 	.ENDM
                 
                 	.MACRO __PUTW2SX
                 	MOVW R30,R28
                 	SUBI R30,LOW(-@0)
                 	SBCI R31,HIGH(-@0)
                 	ST   Z+,R26
                 	ST   Z,R27
                 	.ENDM
                 
                 	.MACRO __PUTD2SX
                 	MOVW R30,R28
                 	SUBI R30,LOW(-@0)
                 	SBCI R31,HIGH(-@0)
                 	ST   Z+,R26
                 	ST   Z+,R27
                 	ST   Z+,R24
                 	ST   Z,R25
                 	.ENDM
                 
                 	.MACRO __PUTBSRX
                 	MOVW R30,R28
                 	SUBI R30,LOW(-@1)
                 	SBCI R31,HIGH(-@1)
                 	ST   Z,R@0
                 	.ENDM
                 
                 	.MACRO __PUTWSRX
                 	MOVW R30,R28
                 	SUBI R30,LOW(-@2)
                 	SBCI R31,HIGH(-@2)
                 	ST   Z+,R@0
                 	ST   Z,R@1
                 	.ENDM
                 
                 	.MACRO __PUTB1SNX
                 	MOVW R26,R28
                 	SUBI R26,LOW(-@0)
                 	SBCI R27,HIGH(-@0)
                 	LD   R0,X+
                 	LD   R27,X
                 	MOV  R26,R0
                 	SUBI R26,LOW(-@1)
                 	SBCI R27,HIGH(-@1)
                 	ST   X,R30
                 	.ENDM
                 
                 	.MACRO __PUTW1SNX
                 	MOVW R26,R28
                 	SUBI R26,LOW(-@0)
                 	SBCI R27,HIGH(-@0)
                 	LD   R0,X+
                 	LD   R27,X
                 	MOV  R26,R0
                 	SUBI R26,LOW(-@1)
                 	SBCI R27,HIGH(-@1)
                 	ST   X+,R30
                 	ST   X,R31
                 	.ENDM
                 
                 	.MACRO __PUTD1SNX
                 	MOVW R26,R28
                 	SUBI R26,LOW(-@0)
                 	SBCI R27,HIGH(-@0)
                 	LD   R0,X+
                 	LD   R27,X
                 	MOV  R26,R0
                 	SUBI R26,LOW(-@1)
                 	SBCI R27,HIGH(-@1)
                 	ST   X+,R30
                 	ST   X+,R31
                 	ST   X+,R22
                 	ST   X,R23
                 	.ENDM
                 
                 	.MACRO __MULBRR
                 	MULS R@0,R@1
                 	MOVW R30,R0
                 	.ENDM
                 
                 	.MACRO __MULBRRU
                 	MUL  R@0,R@1
                 	MOVW R30,R0
                 	.ENDM
                 
                 	.MACRO __MULBRR0
                 	MULS R@0,R@1
                 	.ENDM
                 
                 	.MACRO __MULBRRU0
                 	MUL  R@0,R@1
                 	.ENDM
                 
                 	.MACRO __MULBNWRU
                 	LDI  R26,@2
                 	MUL  R26,R@0
                 	MOVW R30,R0
                 	MUL  R26,R@1
                 	ADD  R31,R0
                 	.ENDM
                 
                 ;NAME DEFINITIONS FOR GLOBAL VARIABLES ALLOCATED TO REGISTERS
                 	.DEF _x=R5
                 	.DEF _data_sensor=R4
                 
                 	.CSEG
                 	.ORG 0x00
                 
                 ;START OF CODE MARKER
                 __START_OF_CODE:
                 
                 ;INTERRUPT VECTORS
000000 940c 002f 	JMP  __RESET
000002 940c 0000 	JMP  0x00
000004 940c 0000 	JMP  0x00
000006 940c 0000 	JMP  0x00
000008 940c 0000 	JMP  0x00
00000a 940c 0000 	JMP  0x00
00000c 940c 0000 	JMP  0x00
00000e 940c 0000 	JMP  0x00
000010 940c 0000 	JMP  0x00
000012 940c 0000 	JMP  0x00
000014 940c 0000 	JMP  0x00
000016 940c 0000 	JMP  0x00
000018 940c 0000 	JMP  0x00
00001a 940c 0000 	JMP  0x00
00001c 940c 0000 	JMP  0x00
00001e 940c 0000 	JMP  0x00
000020 940c 0000 	JMP  0x00
000022 940c 0000 	JMP  0x00
000024 940c 0000 	JMP  0x00
000026 940c 0000 	JMP  0x00
000028 940c 0000 	JMP  0x00
                 
                 _0xA:
F:\Git_SourceCode\AVR\Robocon_mini\List\Project.asm(1091): warning: .cseg .db misalignment - padding zero byte
00002a 0000      	.DB  0x0
                 
                 __GLOBAL_INI_TBL:
00002b 0001      	.DW  0x01
00002c 0005      	.DW  0x05
00002d 0054      	.DW  _0xA*2
                 
                 _0xFFFFFFFF:
00002e 0000      	.DW  0
                 
                 __RESET:
00002f 94f8      	CLI
000030 27ee      	CLR  R30
000031 bbec      	OUT  EECR,R30
                 
                 ;INTERRUPT VECTORS ARE PLACED
                 ;AT THE START OF FLASH
000032 e0f1      	LDI  R31,1
000033 bff5      	OUT  MCUCR,R31
000034 bfe5      	OUT  MCUCR,R30
                 
                 ;DISABLE WATCHDOG
000035 e1f8      	LDI  R31,0x18
000036 bdf1      	OUT  WDTCR,R31
000037 bde1      	OUT  WDTCR,R30
                 
                 ;CLEAR R2-R14
000038 e08d      	LDI  R24,(14-2)+1
000039 e0a2      	LDI  R26,2
00003a 27bb      	CLR  R27
                 __CLEAR_REG:
00003b 93ed      	ST   X+,R30
00003c 958a      	DEC  R24
00003d f7e9      	BRNE __CLEAR_REG
                 
                 ;CLEAR SRAM
00003e e080      	LDI  R24,LOW(__CLEAR_SRAM_SIZE)
00003f e098      	LDI  R25,HIGH(__CLEAR_SRAM_SIZE)
000040 e6a0      	LDI  R26,__SRAM_START
                 __CLEAR_SRAM:
000041 93ed      	ST   X+,R30
000042 9701      	SBIW R24,1
000043 f7e9      	BRNE __CLEAR_SRAM
                 
                 ;GLOBAL VARIABLES INITIALIZATION
000044 e5e6      	LDI  R30,LOW(__GLOBAL_INI_TBL*2)
000045 e0f0      	LDI  R31,HIGH(__GLOBAL_INI_TBL*2)
                 __GLOBAL_INI_NEXT:
000046 9185      	LPM  R24,Z+
000047 9195      	LPM  R25,Z+
000048 9700      	SBIW R24,0
000049 f061      	BREQ __GLOBAL_INI_END
00004a 91a5      	LPM  R26,Z+
00004b 91b5      	LPM  R27,Z+
00004c 9005      	LPM  R0,Z+
00004d 9015      	LPM  R1,Z+
00004e 01bf      	MOVW R22,R30
00004f 01f0      	MOVW R30,R0
                 __GLOBAL_INI_LOOP:
000050 9005      	LPM  R0,Z+
000051 920d      	ST   X+,R0
000052 9701      	SBIW R24,1
000053 f7e1      	BRNE __GLOBAL_INI_LOOP
000054 01fb      	MOVW R30,R22
000055 cff0      	RJMP __GLOBAL_INI_NEXT
                 __GLOBAL_INI_END:
                 
                 ;HARDWARE STACK POINTER INITIALIZATION
000056 e5ef      	LDI  R30,LOW(__SRAM_END-__HEAP_SIZE)
000057 bfed      	OUT  SPL,R30
000058 e0e8      	LDI  R30,HIGH(__SRAM_END-__HEAP_SIZE)
000059 bfee      	OUT  SPH,R30
                 
                 ;DATA STACK POINTER INITIALIZATION
00005a e6c0      	LDI  R28,LOW(__SRAM_START+__DSTACK_SIZE)
00005b e0d2      	LDI  R29,HIGH(__SRAM_START+__DSTACK_SIZE)
                 
00005c 940c 005e 	JMP  _main
                 
                 	.ESEG
                 	.ORG 0
                 
                 	.DSEG
                 	.ORG 0x260
                 
                 	.CSEG
                 ;/*****************************************************
                 ;This program was produced by the
                 ;CodeWizardAVR V2.05.0 Professional
                 ;Automatic Program Generator
                 ;© Copyright 1998-2010 Pavel Haiduc, HP InfoTech s.r.l.
                 ;http://www.hpinfotech.com
                 ;
                 ;Project :
                 ;Version :
                 ;Date    : 20/10/2016
                 ;Author  : NeVaDa
                 ;Company :
                 ;Comments:
                 ;
                 ;
                 ;Chip type               : ATmega16
                 ;Program type            : Application
                 ;AVR Core Clock frequency: 16.000000 MHz
                 ;Memory model            : Small
                 ;External RAM size       : 0
                 ;Data Stack size         : 256
                 ;*****************************************************/
                 ;
                 ;#include <mega16.h>
                 	#ifndef __SLEEP_DEFINED__
                 	#define __SLEEP_DEFINED__
                 	.EQU __se_bit=0x40
                 	.EQU __sm_mask=0xB0
                 	.EQU __sm_powerdown=0x20
                 	.EQU __sm_powersave=0x30
                 	.EQU __sm_standby=0xA0
                 	.EQU __sm_ext_standby=0xB0
                 	.EQU __sm_adc_noise_red=0x10
                 	.SET power_ctrl_reg=mcucr
                 	#endif
                 ;#include <delay.h>
                 ;#include "file1.h"
                 ;
                 ;
                 ;
                 ;
                 ;// Declare your global variables here
                 ;
                 ;unsigned char x=0;
                 ;
                 ;
                 ;
                 ;
                 ;void main(void)
                 ; 0000 0027 {
                 
                 	.CSEG
                 _main:
                 ; 0000 0028 // Declare your local variables here
                 ; 0000 0029 
                 ; 0000 002A // Input/Output Ports initialization
                 ; 0000 002B // Port A initialization
                 ; 0000 002C // Func7=In Func6=In Func5=In Func4=In Func3=In Func2=In Func1=In Func0=In
                 ; 0000 002D // State7=P State6=P State5=P State4=P State3=P State2=P State1=P State0=P
                 ; 0000 002E PORTA=0xFF;
00005e efef      	LDI  R30,LOW(255)
00005f bbeb      	OUT  0x1B,R30
                 ; 0000 002F DDRA=0x00;
000060 e0e0      	LDI  R30,LOW(0)
000061 bbea      	OUT  0x1A,R30
                 ; 0000 0030 
                 ; 0000 0031 // Port B initialization
                 ; 0000 0032 // Func7=Out Func6=Out Func5=Out Func4=Out Func3=Out Func2=Out Func1=Out Func0=Out
                 ; 0000 0033 // State7=0 State6=0 State5=0 State4=0 State3=0 State2=0 State1=0 State0=0
                 ; 0000 0034 PORTB=0x00;
000062 bbe8      	OUT  0x18,R30
                 ; 0000 0035 DDRB=0xFF;
000063 efef      	LDI  R30,LOW(255)
000064 bbe7      	OUT  0x17,R30
                 ; 0000 0036 
                 ; 0000 0037 // Port C initialization
                 ; 0000 0038 // Func7=Out Func6=Out Func5=Out Func4=Out Func3=Out Func2=Out Func1=Out Func0=Out
                 ; 0000 0039 // State7=0 State6=0 State5=0 State4=0 State3=0 State2=0 State1=0 State0=0
                 ; 0000 003A PORTC=0x00;
000065 e0e0      	LDI  R30,LOW(0)
000066 bbe5      	OUT  0x15,R30
                 ; 0000 003B DDRC=0xFF;
000067 efef      	LDI  R30,LOW(255)
000068 bbe4      	OUT  0x14,R30
                 ; 0000 003C 
                 ; 0000 003D // Port D initialization
                 ; 0000 003E // Func7=Out Func6=Out Func5=Out Func4=Out Func3=Out Func2=Out Func1=Out Func0=Out
                 ; 0000 003F // State7=0 State6=0 State5=0 State4=0 State3=0 State2=0 State1=0 State0=0
                 ; 0000 0040 PORTD=0x00;
000069 e0e0      	LDI  R30,LOW(0)
00006a bbe2      	OUT  0x12,R30
                 ; 0000 0041 DDRD=0xFF;
00006b efef      	LDI  R30,LOW(255)
00006c bbe1      	OUT  0x11,R30
                 ; 0000 0042 
                 ; 0000 0043 // Timer/Counter 0 initialization
                 ; 0000 0044 // Clock source: System Clock
                 ; 0000 0045 // Clock value: Timer 0 Stopped
                 ; 0000 0046 // Mode: Normal top=0xFF
                 ; 0000 0047 // OC0 output: Disconnected
                 ; 0000 0048 TCCR0=0x00;
00006d e0e0      	LDI  R30,LOW(0)
00006e bfe3      	OUT  0x33,R30
                 ; 0000 0049 TCNT0=0x00;
00006f bfe2      	OUT  0x32,R30
                 ; 0000 004A OCR0=0x00;
000070 bfec      	OUT  0x3C,R30
                 ; 0000 004B 
                 ; 0000 004C // Timer/Counter 1 initialization
                 ; 0000 004D // Clock source: System Clock
                 ; 0000 004E // Clock value: 16000.000 kHz
                 ; 0000 004F // Mode: Fast PWM top=ICR1
                 ; 0000 0050 // OC1A output: Non-Inv.
                 ; 0000 0051 // OC1B output: Non-Inv.
                 ; 0000 0052 // Noise Canceler: Off
                 ; 0000 0053 // Input Capture on Falling Edge
                 ; 0000 0054 // Timer1 Overflow Interrupt: Off
                 ; 0000 0055 // Input Capture Interrupt: Off
                 ; 0000 0056 // Compare A Match Interrupt: Off
                 ; 0000 0057 // Compare B Match Interrupt: Off
                 ; 0000 0058 TCCR1A=0xA2;
000071 eae2      	LDI  R30,LOW(162)
000072 bdef      	OUT  0x2F,R30
                 ; 0000 0059 TCCR1B=0x19;
000073 e1e9      	LDI  R30,LOW(25)
000074 bdee      	OUT  0x2E,R30
                 ; 0000 005A TCNT1H=0x00;
000075 e0e0      	LDI  R30,LOW(0)
000076 bded      	OUT  0x2D,R30
                 ; 0000 005B TCNT1L=0x00;
000077 bdec      	OUT  0x2C,R30
                 ; 0000 005C ICR1H=0x1F;
000078 e1ef      	LDI  R30,LOW(31)
000079 bde7      	OUT  0x27,R30
                 ; 0000 005D ICR1L=0x40;
00007a e4e0      	LDI  R30,LOW(64)
00007b bde6      	OUT  0x26,R30
                 ; 0000 005E OCR1AH=0x00;
00007c e0e0      	LDI  R30,LOW(0)
00007d bdeb      	OUT  0x2B,R30
                 ; 0000 005F OCR1AL=0x00;
00007e bdea      	OUT  0x2A,R30
                 ; 0000 0060 OCR1BH=0x00;
00007f bde9      	OUT  0x29,R30
                 ; 0000 0061 OCR1BL=0x00;
000080 bde8      	OUT  0x28,R30
                 ; 0000 0062 
                 ; 0000 0063 // Timer/Counter 2 initialization
                 ; 0000 0064 // Clock source: System Clock
                 ; 0000 0065 // Clock value: Timer2 Stopped
                 ; 0000 0066 // Mode: Normal top=0xFF
                 ; 0000 0067 // OC2 output: Disconnected
                 ; 0000 0068 ASSR=0x00;
000081 bde2      	OUT  0x22,R30
                 ; 0000 0069 TCCR2=0x00;
000082 bde5      	OUT  0x25,R30
                 ; 0000 006A TCNT2=0x00;
000083 bde4      	OUT  0x24,R30
                 ; 0000 006B OCR2=0x00;
000084 bde3      	OUT  0x23,R30
                 ; 0000 006C 
                 ; 0000 006D // External Interrupt(s) initialization
                 ; 0000 006E // INT0: Off
                 ; 0000 006F // INT1: Off
                 ; 0000 0070 // INT2: Off
                 ; 0000 0071 MCUCR=0x00;
000085 bfe5      	OUT  0x35,R30
                 ; 0000 0072 MCUCSR=0x00;
000086 bfe4      	OUT  0x34,R30
                 ; 0000 0073 
                 ; 0000 0074 // Timer(s)/Counter(s) Interrupt(s) initialization
                 ; 0000 0075 TIMSK=0x00;
000087 bfe9      	OUT  0x39,R30
                 ; 0000 0076 
                 ; 0000 0077 // USART initialization
                 ; 0000 0078 // USART disabled
                 ; 0000 0079 UCSRB=0x00;
000088 b9ea      	OUT  0xA,R30
                 ; 0000 007A 
                 ; 0000 007B // Analog Comparator initialization
                 ; 0000 007C // Analog Comparator: Off
                 ; 0000 007D // Analog Comparator Input Capture by Timer/Counter 1: Off
                 ; 0000 007E ACSR=0x80;
000089 e8e0      	LDI  R30,LOW(128)
00008a b9e8      	OUT  0x8,R30
                 ; 0000 007F SFIOR=0x00;
00008b e0e0      	LDI  R30,LOW(0)
00008c bfe0      	OUT  0x30,R30
                 ; 0000 0080 
                 ; 0000 0081 // ADC initialization
                 ; 0000 0082 // ADC disabled
                 ; 0000 0083 ADCSRA=0x00;
00008d b9e6      	OUT  0x6,R30
                 ; 0000 0084 
                 ; 0000 0085 // SPI initialization
                 ; 0000 0086 // SPI disabled
                 ; 0000 0087 SPCR=0x00;
00008e b9ed      	OUT  0xD,R30
                 ; 0000 0088 
                 ; 0000 0089 // TWI initialization
                 ; 0000 008A // TWI disabled
                 ; 0000 008B TWCR=0x00;
00008f bfe6      	OUT  0x36,R30
                 ; 0000 008C ICR1=8000;
000090 e4e0      	LDI  R30,LOW(8000)
000091 e1ff      	LDI  R31,HIGH(8000)
000092 bdf7      	OUT  0x26+1,R31
000093 bde6      	OUT  0x26,R30
                 ; 0000 008D Forward(2000,2000);
000094 ede0      	LDI  R30,LOW(2000)
000095 e0f7      	LDI  R31,HIGH(2000)
000096 93fa      	ST   -Y,R31
000097 93ea      	ST   -Y,R30
000098 d0fc      	RCALL SUBOPT_0x0
                 ; 0000 008E delay_ms(400);
000099 e9e0      	LDI  R30,LOW(400)
00009a e0f1      	LDI  R31,HIGH(400)
00009b 93fa      	ST   -Y,R31
00009c 93ea      	ST   -Y,R30
00009d 940e 01d6 	CALL _delay_ms
                 ; 0000 008F Stop();
00009f d026      	RCALL _Stop
                 ; 0000 0090 x=0;
0000a0 2455      	CLR  R5
                 ; 0000 0091 while (1)
                 _0x3:
                 ; 0000 0092       {
                 ; 0000 0093       // Place your code here
                 ; 0000 0094       //FirstRoad();
                 ; 0000 0095       //Forward(VT11,VT22);
                 ; 0000 0096       //FirstRoad2();
                 ; 0000 0097       if(x==0)
0000a1 2055      	TST  R5
0000a2 f409      	BRNE _0x6
                 ; 0000 0098        FirstRoad2();
0000a3 d026      	RCALL _FirstRoad2
                 ; 0000 0099       if(x==1)
                 _0x6:
0000a4 e0e1      	LDI  R30,LOW(1)
0000a5 15e5      	CP   R30,R5
0000a6 f409      	BRNE _0x7
                 ; 0000 009A        Rol();
0000a7 d0d6      	RCALL _Rol
                 ; 0000 009B       if(x==2)
                 _0x7:
0000a8 e0e2      	LDI  R30,LOW(2)
0000a9 15e5      	CP   R30,R5
0000aa f409      	BRNE _0x8
                 ; 0000 009C        FirstRoad3();
0000ab d078      	RCALL _FirstRoad3
                 ; 0000 009D       }
                 _0x8:
0000ac cff4      	RJMP _0x3
                 ; 0000 009E }
                 _0x9:
0000ad cfff      	RJMP _0x9
                 ;#include "file1.h"
                 	#ifndef __SLEEP_DEFINED__
                 	#endif
                 ;
                 ;unsigned char data_sensor;
                 ;extern unsigned char x;
                 ;void Forward(unsigned int v_left, unsigned int v_right)
                 ; 0001 0006 {
                 
                 	.CSEG
                 _Forward:
                 ; 0001 0007     OCR1A = v_left;
                 ;	v_left -> Y+2
                 ;	v_right -> Y+0
0000ae 81ea      	LDD  R30,Y+2
0000af 81fb      	LDD  R31,Y+2+1
0000b0 bdfb      	OUT  0x2A+1,R31
0000b1 bdea      	OUT  0x2A,R30
                 ; 0001 0008     OCR1B = v_right;
0000b2 81e8      	LD   R30,Y
0000b3 81f9      	LDD  R31,Y+1
0000b4 bdf9      	OUT  0x28+1,R31
0000b5 bde8      	OUT  0x28,R30
                 ; 0001 0009     DIR1 = 1;
0000b6 9aaa      	SBI  0x15,2
                 ; 0001 000A     DIR2 = 1;
0000b7 c009      	RJMP _0x2000001
                 ; 0001 000B     EN1 = 1;
                 ; 0001 000C     EN2 = 1;
                 ; 0001 000D }
                 ;
                 ;void Quay(unsigned int v_right, unsigned int v_left)
                 ; 0001 0010 {
                 _Quay:
                 ; 0001 0011     OCR1A = v_left;
                 ;	v_right -> Y+2
                 ;	v_left -> Y+0
0000b8 81e8      	LD   R30,Y
0000b9 81f9      	LDD  R31,Y+1
0000ba bdfb      	OUT  0x2A+1,R31
0000bb bdea      	OUT  0x2A,R30
                 ; 0001 0012     OCR1B = v_right;
0000bc 81ea      	LDD  R30,Y+2
0000bd 81fb      	LDD  R31,Y+2+1
0000be bdf9      	OUT  0x28+1,R31
0000bf bde8      	OUT  0x28,R30
                 ; 0001 0013     DIR1 = 0;
0000c0 98aa      	CBI  0x15,2
                 ; 0001 0014     DIR2 = 1;
                 _0x2000001:
0000c1 9aab      	SBI  0x15,3
                 ; 0001 0015     EN1 = 1;
0000c2 9a97      	SBI  0x12,7
                 ; 0001 0016     EN2 = 1;
0000c3 9a96      	SBI  0x12,6
                 ; 0001 0017 }
0000c4 9624      	ADIW R28,4
0000c5 9508      	RET
                 ;
                 ;
                 ;void Stop(void)
                 ; 0001 001B {
                 _Stop:
                 ; 0001 001C     Forward(0,0);
0000c6 d0d1      	RCALL SUBOPT_0x1
                 ; 0001 001D     EN1 = 0;
0000c7 9897      	CBI  0x12,7
                 ; 0001 001E     EN2 = 0;
0000c8 9896      	CBI  0x12,6
                 ; 0001 001F }
0000c9 9508      	RET
                 ;
                 ;
                 ;
                 ;void FirstRoad2(void)
                 ; 0001 0024 {
                 _FirstRoad2:
                 ; 0001 0025     data_sensor = DATA_SENSOR;
0000ca b249      	IN   R4,25
                 ; 0001 0026     data_sensor &=0b01111110;
0000cb e7ee      	LDI  R30,LOW(126)
0000cc 224e      	AND  R4,R30
                 ; 0001 0027 
                 ; 0001 0028     if(data_sensor==CENTER_1)
0000cd e6e6      	LDI  R30,LOW(102)
0000ce 15e4      	CP   R30,R4
0000cf f409      	BRNE _0x20017
                 ; 0001 0029     {
                 ; 0001 002A         Forward(VT11,VT22);
0000d0 d0cc      	RCALL SUBOPT_0x2
                 ; 0001 002B     }
                 ; 0001 002C 
                 ; 0001 002D     if(data_sensor==RIGHT1_1)
                 _0x20017:
0000d1 e6ee      	LDI  R30,LOW(110)
0000d2 15e4      	CP   R30,R4
0000d3 f409      	BRNE _0x20018
                 ; 0001 002E     {
                 ; 0001 002F         Forward(6000,3500);
0000d4 d0cd      	RCALL SUBOPT_0x3
                 ; 0001 0030     }
                 ; 0001 0031     if(data_sensor==RIGHT2_1)
                 _0x20018:
0000d5 e4ee      	LDI  R30,LOW(78)
0000d6 15e4      	CP   R30,R4
0000d7 f409      	BRNE _0x20019
                 ; 0001 0032     {
                 ; 0001 0033         Forward(5500,3500);
0000d8 d0d0      	RCALL SUBOPT_0x4
                 ; 0001 0034     }
                 ; 0001 0035     if(data_sensor==RIGHT3_1)
                 _0x20019:
0000d9 e0ee      	LDI  R30,LOW(14)
0000da 15e4      	CP   R30,R4
0000db f409      	BRNE _0x2001A
                 ; 0001 0036     {
                 ; 0001 0037         Forward(5000,3500);
0000dc d0d3      	RCALL SUBOPT_0x5
                 ; 0001 0038     }
                 ; 0001 0039     if(data_sensor==RIGHT4_1)
                 _0x2001A:
0000dd e1ee      	LDI  R30,LOW(30)
0000de 15e4      	CP   R30,R4
0000df f409      	BRNE _0x2001B
                 ; 0001 003A     {
                 ; 0001 003B         Forward(4500,2500);
0000e0 d0d6      	RCALL SUBOPT_0x6
                 ; 0001 003C     }
                 ; 0001 003D     if(data_sensor==RIGHT5_1)
                 _0x2001B:
0000e1 e1ee      	LDI  R30,LOW(30)
0000e2 15e4      	CP   R30,R4
0000e3 f409      	BRNE _0x2001C
                 ; 0001 003E     {
                 ; 0001 003F         Forward(4500,2500);
0000e4 d0d2      	RCALL SUBOPT_0x6
                 ; 0001 0040     }
                 ; 0001 0041     if(data_sensor==RIGHT6_1)
                 _0x2001C:
0000e5 e3ee      	LDI  R30,LOW(62)
0000e6 15e4      	CP   R30,R4
0000e7 f409      	BRNE _0x2001D
                 ; 0001 0042     {
                 ; 0001 0043         Forward(4000,2500);
0000e8 d0d5      	RCALL SUBOPT_0x7
                 ; 0001 0044     }
                 ; 0001 0045     if(data_sensor==RIGHT7_1)
                 _0x2001D:
0000e9 e7ee      	LDI  R30,LOW(126)
0000ea 15e4      	CP   R30,R4
0000eb f409      	BRNE _0x2001E
                 ; 0001 0046     {
                 ; 0001 0047         Forward(3000,2500);
0000ec d0d8      	RCALL SUBOPT_0x8
                 ; 0001 0048     }
                 ; 0001 0049 
                 ; 0001 004A     if(data_sensor==LEFT1_1)
                 _0x2001E:
0000ed e7e6      	LDI  R30,LOW(118)
0000ee 15e4      	CP   R30,R4
0000ef f421      	BRNE _0x2001F
                 ; 0001 004B     {
                 ; 0001 004C         Forward(3500,6000);
0000f0 d0db      	RCALL SUBOPT_0x9
0000f1 e7e0      	LDI  R30,LOW(6000)
0000f2 e1f7      	LDI  R31,HIGH(6000)
0000f3 d0a1      	RCALL SUBOPT_0x0
                 ; 0001 004D     }
                 ; 0001 004E     if(data_sensor==LEFT2_1)
                 _0x2001F:
0000f4 e7e2      	LDI  R30,LOW(114)
0000f5 15e4      	CP   R30,R4
0000f6 f421      	BRNE _0x20020
                 ; 0001 004F     {
                 ; 0001 0050         Forward(3500,5500);
0000f7 d0d4      	RCALL SUBOPT_0x9
0000f8 e7ec      	LDI  R30,LOW(5500)
0000f9 e1f5      	LDI  R31,HIGH(5500)
0000fa d09a      	RCALL SUBOPT_0x0
                 ; 0001 0051     }
                 ; 0001 0052     if(data_sensor==LEFT3_1)
                 _0x20020:
0000fb e7e0      	LDI  R30,LOW(112)
0000fc 15e4      	CP   R30,R4
0000fd f421      	BRNE _0x20021
                 ; 0001 0053     {
                 ; 0001 0054         Forward(3500,5000);
0000fe d0cd      	RCALL SUBOPT_0x9
0000ff e8e8      	LDI  R30,LOW(5000)
000100 e1f3      	LDI  R31,HIGH(5000)
000101 d093      	RCALL SUBOPT_0x0
                 ; 0001 0055     }
                 ; 0001 0056     if(data_sensor==LEFT4_1)
                 _0x20021:
000102 e7e8      	LDI  R30,LOW(120)
000103 15e4      	CP   R30,R4
000104 f421      	BRNE _0x20022
                 ; 0001 0057     {
                 ; 0001 0058         Forward(2500,4500);
000105 d0cb      	RCALL SUBOPT_0xA
000106 e9e4      	LDI  R30,LOW(4500)
000107 e1f1      	LDI  R31,HIGH(4500)
000108 d08c      	RCALL SUBOPT_0x0
                 ; 0001 0059     }
                 ; 0001 005A     if(data_sensor==LEFT5_1)
                 _0x20022:
000109 e7e8      	LDI  R30,LOW(120)
00010a 15e4      	CP   R30,R4
00010b f421      	BRNE _0x20023
                 ; 0001 005B     {
                 ; 0001 005C         Forward(2500,4000);
00010c d0c4      	RCALL SUBOPT_0xA
00010d eae0      	LDI  R30,LOW(4000)
00010e e0ff      	LDI  R31,HIGH(4000)
00010f d085      	RCALL SUBOPT_0x0
                 ; 0001 005D     }
                 ; 0001 005E     if(data_sensor==LEFT6_1)
                 _0x20023:
000110 e7ec      	LDI  R30,LOW(124)
000111 15e4      	CP   R30,R4
000112 f421      	BRNE _0x20024
                 ; 0001 005F     {
                 ; 0001 0060         Forward(2500,3500);
000113 d0bd      	RCALL SUBOPT_0xA
000114 eaec      	LDI  R30,LOW(3500)
000115 e0fd      	LDI  R31,HIGH(3500)
000116 d07e      	RCALL SUBOPT_0x0
                 ; 0001 0061     }
                 ; 0001 0062     if(data_sensor==LEFT7_1)
                 _0x20024:
000117 e7ee      	LDI  R30,LOW(126)
000118 15e4      	CP   R30,R4
000119 f421      	BRNE _0x20025
                 ; 0001 0063     {
                 ; 0001 0064         Forward(2500,3000);
00011a d0b6      	RCALL SUBOPT_0xA
00011b ebe8      	LDI  R30,LOW(3000)
00011c e0fb      	LDI  R31,HIGH(3000)
00011d d077      	RCALL SUBOPT_0x0
                 ; 0001 0065     }
                 ; 0001 0066 
                 ; 0001 0067     if((data_sensor==0x00))
                 _0x20025:
00011e 2044      	TST  R4
00011f f419      	BRNE _0x20026
                 ; 0001 0068     {
                 ; 0001 0069         Stop();
000120 dfa5      	RCALL _Stop
                 ; 0001 006A         x=1;
000121 e0e1      	LDI  R30,LOW(1)
000122 2e5e      	MOV  R5,R30
                 ; 0001 006B     }
                 ; 0001 006C }
                 _0x20026:
000123 9508      	RET
                 ;
                 ;
                 ;void FirstRoad3(void)
                 ; 0001 0070 {
                 _FirstRoad3:
                 ; 0001 0071     data_sensor = DATA_SENSOR;
000124 b249      	IN   R4,25
                 ; 0001 0072     data_sensor &=0b01111110;
000125 e7ee      	LDI  R30,LOW(126)
000126 224e      	AND  R4,R30
                 ; 0001 0073 
                 ; 0001 0074     if(data_sensor==CENTER_1)
000127 e6e6      	LDI  R30,LOW(102)
000128 15e4      	CP   R30,R4
000129 f409      	BRNE _0x20027
                 ; 0001 0075     {
                 ; 0001 0076         Forward(VT11,VT22);
00012a d072      	RCALL SUBOPT_0x2
                 ; 0001 0077     }
                 ; 0001 0078 
                 ; 0001 0079     if(data_sensor==RIGHT1_1)
                 _0x20027:
00012b e6ee      	LDI  R30,LOW(110)
00012c 15e4      	CP   R30,R4
00012d f409      	BRNE _0x20028
                 ; 0001 007A     {
                 ; 0001 007B         Forward(6000,3500);
00012e d073      	RCALL SUBOPT_0x3
                 ; 0001 007C     }
                 ; 0001 007D     if(data_sensor==RIGHT2_1)
                 _0x20028:
00012f e4ee      	LDI  R30,LOW(78)
000130 15e4      	CP   R30,R4
000131 f409      	BRNE _0x20029
                 ; 0001 007E     {
                 ; 0001 007F         Forward(5500,3500);
000132 d076      	RCALL SUBOPT_0x4
                 ; 0001 0080     }
                 ; 0001 0081     if(data_sensor==RIGHT3_1)
                 _0x20029:
000133 e0ee      	LDI  R30,LOW(14)
000134 15e4      	CP   R30,R4
000135 f409      	BRNE _0x2002A
                 ; 0001 0082     {
                 ; 0001 0083         Forward(5000,3500);
000136 d079      	RCALL SUBOPT_0x5
                 ; 0001 0084     }
                 ; 0001 0085     if(data_sensor==RIGHT4_1)
                 _0x2002A:
000137 e1ee      	LDI  R30,LOW(30)
000138 15e4      	CP   R30,R4
000139 f409      	BRNE _0x2002B
                 ; 0001 0086     {
                 ; 0001 0087         Forward(4500,2500);
00013a d07c      	RCALL SUBOPT_0x6
                 ; 0001 0088     }
                 ; 0001 0089     if(data_sensor==RIGHT5_1)
                 _0x2002B:
00013b e1ee      	LDI  R30,LOW(30)
00013c 15e4      	CP   R30,R4
00013d f409      	BRNE _0x2002C
                 ; 0001 008A     {
                 ; 0001 008B         Forward(4500,2500);
00013e d078      	RCALL SUBOPT_0x6
                 ; 0001 008C     }
                 ; 0001 008D     if(data_sensor==RIGHT6_1)
                 _0x2002C:
00013f e3ee      	LDI  R30,LOW(62)
000140 15e4      	CP   R30,R4
000141 f409      	BRNE _0x2002D
                 ; 0001 008E     {
                 ; 0001 008F         Forward(4000,2500);
000142 d07b      	RCALL SUBOPT_0x7
                 ; 0001 0090     }
                 ; 0001 0091     if(data_sensor==RIGHT7_1)
                 _0x2002D:
000143 e7ee      	LDI  R30,LOW(126)
000144 15e4      	CP   R30,R4
000145 f409      	BRNE _0x2002E
                 ; 0001 0092     {
                 ; 0001 0093         Forward(3000,2500);
000146 d07e      	RCALL SUBOPT_0x8
                 ; 0001 0094     }
                 ; 0001 0095 
                 ; 0001 0096     if(data_sensor==LEFT1_1)
                 _0x2002E:
000147 e7e6      	LDI  R30,LOW(118)
000148 15e4      	CP   R30,R4
000149 f421      	BRNE _0x2002F
                 ; 0001 0097     {
                 ; 0001 0098         Forward(3500,6000);
00014a d081      	RCALL SUBOPT_0x9
00014b e7e0      	LDI  R30,LOW(6000)
00014c e1f7      	LDI  R31,HIGH(6000)
00014d d047      	RCALL SUBOPT_0x0
                 ; 0001 0099     }
                 ; 0001 009A     if(data_sensor==LEFT2_1)
                 _0x2002F:
00014e e7e2      	LDI  R30,LOW(114)
00014f 15e4      	CP   R30,R4
000150 f421      	BRNE _0x20030
                 ; 0001 009B     {
                 ; 0001 009C         Forward(3500,5500);
000151 d07a      	RCALL SUBOPT_0x9
000152 e7ec      	LDI  R30,LOW(5500)
000153 e1f5      	LDI  R31,HIGH(5500)
000154 d040      	RCALL SUBOPT_0x0
                 ; 0001 009D     }
                 ; 0001 009E     if(data_sensor==LEFT3_1)
                 _0x20030:
000155 e7e0      	LDI  R30,LOW(112)
000156 15e4      	CP   R30,R4
000157 f421      	BRNE _0x20031
                 ; 0001 009F     {
                 ; 0001 00A0         Forward(3500,5000);
000158 d073      	RCALL SUBOPT_0x9
000159 e8e8      	LDI  R30,LOW(5000)
00015a e1f3      	LDI  R31,HIGH(5000)
00015b d039      	RCALL SUBOPT_0x0
                 ; 0001 00A1     }
                 ; 0001 00A2     if(data_sensor==LEFT4_1)
                 _0x20031:
00015c e7e8      	LDI  R30,LOW(120)
00015d 15e4      	CP   R30,R4
00015e f421      	BRNE _0x20032
                 ; 0001 00A3     {
                 ; 0001 00A4         Forward(2500,4500);
00015f d071      	RCALL SUBOPT_0xA
000160 e9e4      	LDI  R30,LOW(4500)
000161 e1f1      	LDI  R31,HIGH(4500)
000162 d032      	RCALL SUBOPT_0x0
                 ; 0001 00A5     }
                 ; 0001 00A6     if(data_sensor==LEFT5_1)
                 _0x20032:
000163 e7e8      	LDI  R30,LOW(120)
000164 15e4      	CP   R30,R4
000165 f421      	BRNE _0x20033
                 ; 0001 00A7     {
                 ; 0001 00A8         Forward(2500,4000);
000166 d06a      	RCALL SUBOPT_0xA
000167 eae0      	LDI  R30,LOW(4000)
000168 e0ff      	LDI  R31,HIGH(4000)
000169 d02b      	RCALL SUBOPT_0x0
                 ; 0001 00A9     }
                 ; 0001 00AA     if(data_sensor==LEFT6_1)
                 _0x20033:
00016a e7ec      	LDI  R30,LOW(124)
00016b 15e4      	CP   R30,R4
00016c f421      	BRNE _0x20034
                 ; 0001 00AB     {
                 ; 0001 00AC         Forward(2500,3500);
00016d d063      	RCALL SUBOPT_0xA
00016e eaec      	LDI  R30,LOW(3500)
00016f e0fd      	LDI  R31,HIGH(3500)
000170 d024      	RCALL SUBOPT_0x0
                 ; 0001 00AD     }
                 ; 0001 00AE     if(data_sensor==LEFT7_1)
                 _0x20034:
000171 e7ee      	LDI  R30,LOW(126)
000172 15e4      	CP   R30,R4
000173 f421      	BRNE _0x20035
                 ; 0001 00AF     {
                 ; 0001 00B0         Forward(2500,3000);
000174 d05c      	RCALL SUBOPT_0xA
000175 ebe8      	LDI  R30,LOW(3000)
000176 e0fb      	LDI  R31,HIGH(3000)
000177 d01d      	RCALL SUBOPT_0x0
                 ; 0001 00B1     }
                 ; 0001 00B2 
                 ; 0001 00B3     if((data_sensor==0x00))
                 _0x20035:
000178 2044      	TST  R4
000179 f419      	BRNE _0x20036
                 ; 0001 00B4     {
                 ; 0001 00B5         Stop();
00017a df4b      	RCALL _Stop
                 ; 0001 00B6         x=3;
00017b e0e3      	LDI  R30,LOW(3)
00017c 2e5e      	MOV  R5,R30
                 ; 0001 00B7     }
                 ; 0001 00B8 }
                 _0x20036:
00017d 9508      	RET
                 ;
                 ;
                 ;
                 ;void Rol(void)
                 ; 0001 00BD {
                 _Rol:
                 ; 0001 00BE     data_sensor = DATA_SENSOR;
00017e b249      	IN   R4,25
                 ; 0001 00BF     while(data_sensor!=CENTER)
                 _0x20037:
00017f eee7      	LDI  R30,LOW(231)
000180 15e4      	CP   R30,R4
000181 f049      	BREQ _0x20039
                 ; 0001 00C0     {
                 ; 0001 00C1         data_sensor = DATA_SENSOR;
000182 b249      	IN   R4,25
                 ; 0001 00C2         Quay(1900,1900);
000183 e6ec      	LDI  R30,LOW(1900)
000184 e0f7      	LDI  R31,HIGH(1900)
000185 93fa      	ST   -Y,R31
000186 93ea      	ST   -Y,R30
000187 93fa      	ST   -Y,R31
000188 93ea      	ST   -Y,R30
000189 df2e      	RCALL _Quay
                 ; 0001 00C3     }
00018a cff4      	RJMP _0x20037
                 _0x20039:
                 ; 0001 00C4     Forward(0,0);
00018b d00c      	RCALL SUBOPT_0x1
                 ; 0001 00C5     delay_ms(500);
00018c efe4      	LDI  R30,LOW(500)
00018d e0f1      	LDI  R31,HIGH(500)
00018e 93fa      	ST   -Y,R31
00018f 93ea      	ST   -Y,R30
000190 940e 01d6 	CALL _delay_ms
                 ; 0001 00C6     x=2;
000192 e0e2      	LDI  R30,LOW(2)
000193 2e5e      	MOV  R5,R30
                 ; 0001 00C7 }
000194 9508      	RET
                 
                 	.CSEG
                 ;OPTIMIZER ADDED SUBROUTINE, CALLED 33 TIMES, CODE SIZE REDUCTION:61 WORDS
                 SUBOPT_0x0:
000195 93fa      	ST   -Y,R31
000196 93ea      	ST   -Y,R30
000197 cf16      	RJMP _Forward
                 
                 ;OPTIMIZER ADDED SUBROUTINE, CALLED 2 TIMES, CODE SIZE REDUCTION:3 WORDS
                 SUBOPT_0x1:
000198 e0e0      	LDI  R30,LOW(0)
000199 e0f0      	LDI  R31,HIGH(0)
00019a 93fa      	ST   -Y,R31
00019b 93ea      	ST   -Y,R30
00019c cff8      	RJMP SUBOPT_0x0
                 
                 ;OPTIMIZER ADDED SUBROUTINE, CALLED 2 TIMES, CODE SIZE REDUCTION:3 WORDS
                 SUBOPT_0x2:
00019d e5e8      	LDI  R30,LOW(7000)
00019e e1fb      	LDI  R31,HIGH(7000)
00019f 93fa      	ST   -Y,R31
0001a0 93ea      	ST   -Y,R30
0001a1 cff3      	RJMP SUBOPT_0x0
                 
                 ;OPTIMIZER ADDED SUBROUTINE, CALLED 2 TIMES, CODE SIZE REDUCTION:3 WORDS
                 SUBOPT_0x3:
0001a2 e7e0      	LDI  R30,LOW(6000)
0001a3 e1f7      	LDI  R31,HIGH(6000)
0001a4 93fa      	ST   -Y,R31
0001a5 93ea      	ST   -Y,R30
0001a6 eaec      	LDI  R30,LOW(3500)
0001a7 e0fd      	LDI  R31,HIGH(3500)
0001a8 cfec      	RJMP SUBOPT_0x0
                 
                 ;OPTIMIZER ADDED SUBROUTINE, CALLED 2 TIMES, CODE SIZE REDUCTION:3 WORDS
                 SUBOPT_0x4:
0001a9 e7ec      	LDI  R30,LOW(5500)
0001aa e1f5      	LDI  R31,HIGH(5500)
0001ab 93fa      	ST   -Y,R31
0001ac 93ea      	ST   -Y,R30
0001ad eaec      	LDI  R30,LOW(3500)
0001ae e0fd      	LDI  R31,HIGH(3500)
0001af cfe5      	RJMP SUBOPT_0x0
                 
                 ;OPTIMIZER ADDED SUBROUTINE, CALLED 2 TIMES, CODE SIZE REDUCTION:3 WORDS
                 SUBOPT_0x5:
0001b0 e8e8      	LDI  R30,LOW(5000)
0001b1 e1f3      	LDI  R31,HIGH(5000)
0001b2 93fa      	ST   -Y,R31
0001b3 93ea      	ST   -Y,R30
0001b4 eaec      	LDI  R30,LOW(3500)
0001b5 e0fd      	LDI  R31,HIGH(3500)
0001b6 cfde      	RJMP SUBOPT_0x0
                 
                 ;OPTIMIZER ADDED SUBROUTINE, CALLED 4 TIMES, CODE SIZE REDUCTION:15 WORDS
                 SUBOPT_0x6:
0001b7 e9e4      	LDI  R30,LOW(4500)
0001b8 e1f1      	LDI  R31,HIGH(4500)
0001b9 93fa      	ST   -Y,R31
0001ba 93ea      	ST   -Y,R30
0001bb ece4      	LDI  R30,LOW(2500)
0001bc e0f9      	LDI  R31,HIGH(2500)
0001bd cfd7      	RJMP SUBOPT_0x0
                 
                 ;OPTIMIZER ADDED SUBROUTINE, CALLED 2 TIMES, CODE SIZE REDUCTION:3 WORDS
                 SUBOPT_0x7:
0001be eae0      	LDI  R30,LOW(4000)
0001bf e0ff      	LDI  R31,HIGH(4000)
0001c0 93fa      	ST   -Y,R31
0001c1 93ea      	ST   -Y,R30
0001c2 ece4      	LDI  R30,LOW(2500)
0001c3 e0f9      	LDI  R31,HIGH(2500)
0001c4 cfd0      	RJMP SUBOPT_0x0
                 
                 ;OPTIMIZER ADDED SUBROUTINE, CALLED 2 TIMES, CODE SIZE REDUCTION:3 WORDS
                 SUBOPT_0x8:
0001c5 ebe8      	LDI  R30,LOW(3000)
0001c6 e0fb      	LDI  R31,HIGH(3000)
0001c7 93fa      	ST   -Y,R31
0001c8 93ea      	ST   -Y,R30
0001c9 ece4      	LDI  R30,LOW(2500)
0001ca e0f9      	LDI  R31,HIGH(2500)
0001cb cfc9      	RJMP SUBOPT_0x0
                 
                 ;OPTIMIZER ADDED SUBROUTINE, CALLED 6 TIMES, CODE SIZE REDUCTION:7 WORDS
                 SUBOPT_0x9:
0001cc eaec      	LDI  R30,LOW(3500)
0001cd e0fd      	LDI  R31,HIGH(3500)
0001ce 93fa      	ST   -Y,R31
0001cf 93ea      	ST   -Y,R30
0001d0 9508      	RET
                 
                 ;OPTIMIZER ADDED SUBROUTINE, CALLED 8 TIMES, CODE SIZE REDUCTION:11 WORDS
                 SUBOPT_0xA:
0001d1 ece4      	LDI  R30,LOW(2500)
0001d2 e0f9      	LDI  R31,HIGH(2500)
0001d3 93fa      	ST   -Y,R31
0001d4 93ea      	ST   -Y,R30
0001d5 9508      	RET
                 
                 
                 	.CSEG
                 _delay_ms:
0001d6 91e9      	ld   r30,y+
0001d7 91f9      	ld   r31,y+
0001d8 9630      	adiw r30,0
0001d9 f039      	breq __delay_ms1
                 __delay_ms0:
                +
0001da ea80     +LDI R24 , LOW ( 0xFA0 )
0001db e09f     +LDI R25 , HIGH ( 0xFA0 )
                +__DELAY_USW_LOOP :
0001dc 9701     +SBIW R24 , 1
0001dd f7f1     +BRNE __DELAY_USW_LOOP
                 	__DELAY_USW 0xFA0
0001de 95a8      	wdr
0001df 9731      	sbiw r30,1
0001e0 f7c9      	brne __delay_ms0
                 __delay_ms1:
0001e1 9508      	ret
                 
                 ;END OF CODE MARKER
                 __END_OF_CODE:


RESOURCE USE INFORMATION
------------------------

Notice:
The register and instruction counts are symbol table hit counts,
and hence implicitly used resources are not counted, eg, the
'lpm' instruction without operands implicitly uses r0 and z,
none of which are counted.

x,y,z are separate entities in the symbol table and are
counted separately from r26..r31 here.

.dseg memory usage only counts static data declared with .byte

ATmega32A register use summary:
r0 :   4 r1 :   1 r2 :   0 r3 :   0 r4 :  39 r5 :   7 r6 :   0 r7 :   0 
r8 :   0 r9 :   0 r10:   0 r11:   0 r12:   0 r13:   0 r14:   0 r15:   0 
r16:   0 r17:   0 r18:   0 r19:   0 r20:   0 r21:   0 r22:   2 r23:   0 
r24:   9 r25:   3 r26:   3 r27:   2 r28:   2 r29:   1 r30: 203 r31:  66 
x  :   3 y  :  42 z  :   7 
Registers used: 16 out of 35 (45.7%)

ATmega32A instruction use summary:
.lds  :   0 .lds.l:   0 .sts  :   0 .sts.l:   0 adc   :   0 add   :   0 
adiw  :   2 and   :   2 andi  :   0 asr   :   0 bclr  :   0 bld   :   0 
brbc  :   0 brbs  :   0 brcc  :   0 brcs  :   0 break :   0 breq  :   3 
brge  :   0 brhc  :   0 brhs  :   0 brid  :   0 brie  :   0 brlo  :   0 
brlt  :   0 brmi  :   0 brne  :  40 brpl  :   0 brsh  :   0 brtc  :   0 
brts  :   0 brvc  :   0 brvs  :   0 bset  :   0 bst   :   0 call  :   2 
cbi   :   3 cbr   :   0 clc   :   0 clh   :   0 cli   :   1 cln   :   0 
clr   :   3 cls   :   0 clt   :   0 clv   :   0 clz   :   0 com   :   0 
cp    :  33 cpc   :   0 cpi   :   0 cpse  :   0 dec   :   1 des   :   0 
eor   :   0 fmul  :   0 fmuls :   0 fmulsu:   0 icall :   0 ijmp  :   0 
in    :   4 inc   :   0 jmp   :  22 ld    :   4 ldd   :   6 ldi   : 139 
lds   :   0 lpm   :   7 lsl   :   0 lsr   :   0 mov   :   3 movw  :   3 
mul   :   0 muls  :   0 mulsu :   0 neg   :   0 nop   :   0 or    :   0 
ori   :   0 out   :  51 pop   :   0 push  :   0 rcall :  54 ret   :   8 
reti  :   0 rjmp  :  14 rol   :   0 ror   :   0 sbc   :   0 sbci  :   0 
sbi   :   4 sbic  :   0 sbis  :   0 sbiw  :   5 sbr   :   0 sbrc  :   0 
sbrs  :   0 sec   :   0 seh   :   0 sei   :   0 sen   :   0 ser   :   0 
ses   :   0 set   :   0 sev   :   0 sez   :   0 sleep :   0 spm   :   0 
st    :  35 std   :   0 sts   :   0 sub   :   0 subi  :   0 swap  :   0 
tst   :   3 wdr   :   1 
Instructions used: 27 out of 116 (23.3%)

ATmega32A memory use summary [bytes]:
Segment   Begin    End      Code   Data   Used    Size   Use%
---------------------------------------------------------------
[.cseg] 0x000000 0x0003c4    954     10    964   32768   2.9%
[.dseg] 0x000060 0x000260      0      0      0    2143   0.0%
[.eseg] 0x000000 0x000000      0      0      0    1024   0.0%

Assembly complete, 0 errors, 3 warnings
